Copyright 1986-2022 Xilinx, Inc. All Rights Reserved. Copyright 2022-2025 Advanced Micro Devices, Inc. All Rights Reserved.
-------------------------------------------------------------------------------------------------------------------------------------------------
| Tool Version     : Vivado v.2025.2 (win64) Build 6299465 Fri Nov 14 19:35:11 GMT 2025
| Date             : Fri Mar 27 02:41:50 2026
| Host             : RAHUL-VERMA running 64-bit major release  (build 9200)
| Command          : report_power -file ./vivado_proj/neuraedge.runs/impl_1/power.rpt
| Design           : neuraedge_top
| Device           : xc7a100tcsg324-1
| Design State     : routed
| Grade            : commercial
| Process          : typical
| Characterization : Production
-------------------------------------------------------------------------------------------------------------------------------------------------

Power Report

Table of Contents
-----------------
1. Summary
1.1 On-Chip Components
1.2 Power Supply Summary
1.3 Confidence Level
2. Settings
2.1 Environment
2.2 Clock Constraints
3. Detailed Reports
3.1 By Hierarchy

1. Summary
----------

+--------------------------+--------------+
| Total On-Chip Power (W)  | 0.549        |
| Design Power Budget (W)  | Unspecified* |
| Power Budget Margin (W)  | NA           |
| Dynamic (W)              | 0.448        |
| Device Static (W)        | 0.100        |
| Effective TJA (C/W)      | 4.6          |
| Max Ambient (C)          | 82.5         |
| Junction Temperature (C) | 27.5         |
| Confidence Level         | Low          |
| Setting File             | ---          |
| Simulation Activity File | ---          |
| Design Nets Matched      | NA           |
+--------------------------+--------------+
* Specify Design Power Budget using, set_operating_conditions -design_power_budget <value in Watts>


1.1 On-Chip Components
----------------------

+--------------------------+-----------+----------+-----------+-----------------+
| On-Chip                  | Power (W) | Used     | Available | Utilization (%) |
+--------------------------+-----------+----------+-----------+-----------------+
| Clocks                   |     0.055 |        3 |       --- |             --- |
| Slice Logic              |     0.168 |    34844 |       --- |             --- |
|   LUT as Logic           |     0.148 |    21546 |     63400 |           33.98 |
|   CARRY4                 |     0.015 |     2877 |     15850 |           18.15 |
|   Register               |     0.005 |     8375 |    126800 |            6.60 |
|   F7/F8 Muxes            |    <0.001 |      416 |     63400 |            0.66 |
|   LUT as Distributed RAM |    <0.001 |       24 |     19000 |            0.13 |
|   Others                 |     0.000 |       44 |       --- |             --- |
| Signals                  |     0.162 |    25386 |       --- |             --- |
| Block RAM                |     0.061 |       32 |       135 |           23.70 |
| I/O                      |     0.002 |       31 |       210 |           14.76 |
| Static Power             |     0.100 |          |           |                 |
| Total                    |     0.549 |          |           |                 |
+--------------------------+-----------+----------+-----------+-----------------+


1.2 Power Supply Summary
------------------------

+-----------+-------------+-----------+-------------+------------+-------------+-------------+------------+
| Source    | Voltage (V) | Total (A) | Dynamic (A) | Static (A) | Powerup (A) | Budget (A)  | Margin (A) |
+-----------+-------------+-----------+-------------+------------+-------------+-------------+------------+
| Vccint    |       1.000 |     0.458 |       0.441 |      0.017 |       NA    | Unspecified | NA         |
| Vccaux    |       1.800 |     0.019 |       0.001 |      0.018 |       NA    | Unspecified | NA         |
| Vcco33    |       3.300 |     0.004 |       0.000 |      0.004 |       NA    | Unspecified | NA         |
| Vccbram   |       1.000 |     0.006 |       0.005 |      0.001 |       NA    | Unspecified | NA         |
| Vccadc    |       1.800 |     0.020 |       0.000 |      0.020 |       NA    | Unspecified | NA         |
+-----------+-------------+-----------+-------------+------------+-------------+-------------+------------+


1.3 Confidence Level
--------------------

+-----------------------------+------------+--------------------------------------------------------+
| User Input Data             | Confidence | Details                                                |
+-----------------------------+------------+--------------------------------------------------------+
| Design implementation state | High       | Design is routed                                       |
| Clock nodes activity        | High       | User specified more than 95% of clocks                 |
| I/O nodes activity          | Low        | More than 75% of inputs are missing user specification |
| Internal nodes activity     | Medium     | User specified less than 25% of internal nodes         |
| Device models               | High       | Device models are Production                           |
| Overall confidence level    | Low        |                                                        |
+-----------------------------+------------+--------------------------------------------------------+


2. Settings
-----------

2.1 Environment
---------------

+-----------------------+--------------------------+
| Ambient Temp (C)      | 25.0                     |
| ThetaJA (C/W)         | 4.6                      |
| Airflow (LFM)         | 250                      |
| Heat Sink             | medium (Medium Profile)  |
| ThetaSA (C/W)         | 4.6                      |
| Board Selection       | medium (10"x10")         |
| # of Board Layers     | 12to15 (12 to 15 Layers) |
| Board Temperature (C) | 25.0                     |
+-----------------------+--------------------------+


2.2 Clock Constraints
---------------------

+---------+--------+-----------------+
| Clock   | Domain | Constraint (ns) |
+---------+--------+-----------------+
| sys_clk | clk    |            10.0 |
+---------+--------+-----------------+


3. Detailed Reports
-------------------

3.1 By Hierarchy
----------------

+------------------------------------+-----------+
| Name                               | Power (W) |
+------------------------------------+-----------+
| neuraedge_top                      |     0.448 |
|   gen_col[0].gen_row[0].u_learning |     0.082 |
|   gen_col[0].gen_row[0].u_neuron   |     0.008 |
|   gen_col[0].gen_row[0].u_router   |     0.006 |
|   gen_col[0].gen_row[0].u_synapse  |     0.018 |
|   gen_col[0].gen_row[1].u_learning |     0.083 |
|   gen_col[0].gen_row[1].u_neuron   |     0.006 |
|   gen_col[0].gen_row[1].u_router   |     0.005 |
|   gen_col[0].gen_row[1].u_synapse  |     0.016 |
|   gen_col[1].gen_row[0].u_learning |     0.083 |
|   gen_col[1].gen_row[0].u_neuron   |     0.005 |
|   gen_col[1].gen_row[0].u_router   |     0.004 |
|   gen_col[1].gen_row[0].u_synapse  |     0.016 |
|   gen_col[1].gen_row[1].u_learning |     0.084 |
|   gen_col[1].gen_row[1].u_neuron   |     0.005 |
|   gen_col[1].gen_row[1].u_router   |     0.003 |
|   gen_col[1].gen_row[1].u_synapse  |     0.015 |
+------------------------------------+-----------+

